// Jest Snapshot v1, https://goo.gl/fbAQLP

exports[`Unordered List component should render 1`] = `
.emotion-0 {
  list-style-type: inherit;
  padding-left: 20px;
  margin-top: 8px;
  margin-left: 16px;
}

.emotion-0 li {
  margin: 2px 0;
}

<div>
  <ul
    class="emotion-0"
  >
    <li>
      Test
    </li>
  </ul>
</div>
`;
